00
01
42
00
5F
68
00
02
23
01
02
03
08
06
00
01
08
00
06
04
00
02
00
02
23
01
02
03
C0
A8
01
02
00
01
42
00
5F
68
C0
A8
01
01
